TCP 2001:67c:1232:144:9498:6df6:f450:110b <-> 2001:67c:2b0:1c1::198 59105:80 at 1553418212984046 new packets 1 bytes 84
TCP 2001:67c:1232:144:9498:6df6:f450:110b <-> 2001:67c:2b0:1c1::198 59105:80 at 1553418213017044 measurement right 32998 packets 2 bytes 164
TCP 2001:67c:1232:144:9498:6df6:f450:110b <-> 2001:67c:2b0:1c1::198 59105:80 at 1553418213017134 measurement left 90 packets 2 bytes 164
TCP 2001:67c:1232:144:9498:6df6:f450:110b <-> 2001:67c:2b0:1c1::198 59105:80 at 1553418213061925 measurement right 44683 packets 4 bytes 448
TCP 2001:67c:1232:144:9498:6df6:f450:110b <-> 2001:67c:2b0:1c1::198 59105:80 at 1553418213061986 measurement left 58 packets 7 bytes 1102
TCP 2001:67c:1232:144:9498:6df6:f450:110b <-> 2001:67c:2b0:1c1::198 59105:80 at 1553418213061987 measurement left 59 packets 8 bytes 1174
TCP 2001:67c:1232:144:9498:6df6:f450:110b <-> 2001:67c:2b0:1c1::198 59106:80 at 1553418213064120 new packets 1 bytes 84
TCP 2001:67c:1232:144:9498:6df6:f450:110b <-> 2001:67c:2b0:1c1::198 59105:80 at 1553418213098429 measurement right 36443 packets 10 bytes 1318
TCP 2001:67c:1232:144:9498:6df6:f450:110b <-> 2001:67c:2b0:1c1::198 59106:80 at 1553418213098432 measurement right 34312 packets 2 bytes 164
TCP 2001:67c:1232:144:9498:6df6:f450:110b <-> 2001:67c:2b0:1c1::198 59106:80 at 1553418213098549 measurement left 117 packets 2 bytes 164
TCP 2001:67c:1232:144:9498:6df6:f450:110b <-> 2001:67c:2b0:1c1::198 59106:80 at 1553418213134370 measurement right 35675 packets 4 bytes 458
TCP 2001:67c:1232:144:9498:6df6:f450:110b <-> 2001:67c:2b0:1c1::198 59106:80 at 1553418213134415 measurement left 43 packets 7 bytes 3530
TCP 2001:67c:1232:144:9498:6df6:f450:110b <-> 2001:67c:2b0:1c1::198 59106:80 at 1553418213134659 measurement left 23 packets 11 bytes 8102
TCP 2001:67c:1232:144:9498:6df6:f450:110b <-> 2001:67c:2b0:1c1::198 59106:80 at 1553418213134805 measurement left 28 packets 14 bytes 8776
TCP 2001:67c:1232:144:9498:6df6:f450:110b <-> 2001:67c:2b0:1c1::198 59106:80 at 1553418213134806 measurement left 27 packets 15 bytes 8848
TCP 2001:67c:1232:144:9498:6df6:f450:110b <-> 2001:67c:2b0:1c1::198 59106:80 at 1553418213169945 measurement right 35530 packets 18 bytes 9064
