ICMP 31.133.149.35 <-> 212.16.98.51 48895 at 1553417873690045 new packets 0 bytes 0
ICMP 31.133.149.35 <-> 212.16.98.51 48895 at 1553417873728020 measurement right 37975 packets 1 bytes 84
ICMP 31.133.149.35 <-> 212.16.98.51 48895 at 1553417874732523 measurement right 37859 packets 3 bytes 252
