[
{ "Event": "new", "Type": "UDP", "Addrs": ["192.168.203.175","224.0.0.251"], "Session": "5353:5353", "Ts": 1558446406683101, "State": "Starting", "Packets1": 0, "Packets2": 0, "Bytes1": 0, "Bytes2": 0 },
{ "Event": "new", "Type": "QUIC", "Addrs": ["127.0.0.1","127.0.0.1"], "Session": "a81d1b03437a2104-84dcf2429c9e0b5a (56618:4433)", "Ts": 1558446409360078, "State": "Starting", "Packets1": 0, "Packets2": 0, "Bytes1": 0, "Bytes2": 0 },
{ "Event": "measurement", "Type": "QUIC", "Addrs": ["127.0.0.1","127.0.0.1"], "Session": "a81d1b03437a2104-84dcf2429c9e0b5a (56618:4433)", "Ts": 1558446409365722, "State": "Starting", "Right_rtt": 5644, "Packets1": 1, "Packets2": 0, "Bytes1": 1245, "Bytes2": 0, "Bandwidth1": 9960, "Bandwidth2": 0 },
{ "Event": "measurement", "Type": "QUIC", "Addrs": ["127.0.0.1","127.0.0.1"], "Session": "a81d1b03437a2104-84dcf2429c9e0b5a (56618:4433)", "Ts": 1558446409370882, "State": "Starting", "Left_rtt": 5160, "Packets1": 1, "Packets2": 1, "Bytes1": 1245, "Bytes2": 58, "Bandwidth1": 9960, "Bandwidth2": 464 },
{ "Event": "measurement", "Type": "QUIC", "Addrs": ["127.0.0.1","127.0.0.1"], "Session": "a81d1b03437a2104-64c3335b49cb8342 (56618:4433)", "Ts": 1558446409377733, "State": "Up", "Right_rtt": 6851, "Packets1": 2, "Packets2": 1, "Bytes1": 2490, "Bytes2": 58, "Bandwidth1": 19920, "Bandwidth2": 464 },
{ "Event": "spinvalue", "Type": "QUIC", "Addrs": ["127.0.0.1","127.0.0.1"], "Session": "a81d1b03437a2104-64c3335b49cb8342 (56618:4433)", "Ts": 1558446409378337, "State": "Up", "Value": 0, "Who": "responder", "Packets1": 2, "Packets2": 4, "Bytes1": 2490, "Bytes2": 1693, "Bandwidth1": 19920, "Bandwidth2": 13544 },
{ "Event": "spinvalue", "Type": "QUIC", "Addrs": ["127.0.0.1","127.0.0.1"], "Session": "a81d1b03437a2104-64c3335b49cb8342 (56618:4433)", "Ts": 1558446409392872, "State": "Up", "Value": 0, "Who": "initiator", "Packets1": 6, "Packets2": 6, "Bytes1": 2876, "Bytes2": 1940, "Bandwidth1": 23008, "Bandwidth2": 15520 },
{ "Event": "spinvalue", "Type": "QUIC", "Addrs": ["127.0.0.1","127.0.0.1"], "Session": "a81d1b03437a2104-64c3335b49cb8342 (56618:4433)", "Ts": 1558446409392980, "State": "Up", "Value": 0, "Who": "initiator", "Packets1": 7, "Packets2": 6, "Bytes1": 2949, "Bytes2": 1940, "Bandwidth1": 23592, "Bandwidth2": 15520 },
{ "Event": "spinvalue", "Type": "QUIC", "Addrs": ["127.0.0.1","127.0.0.1"], "Session": "a81d1b03437a2104-64c3335b49cb8342 (56618:4433)", "Ts": 1558446409404522, "State": "Up", "Value": 0, "Who": "responder", "Packets1": 8, "Packets2": 7, "Bytes1": 3022, "Bytes2": 2027, "Bandwidth1": 24176, "Bandwidth2": 16216 },
{ "Event": "spinvalue", "Type": "QUIC", "Addrs": ["127.0.0.1","127.0.0.1"], "Session": "a81d1b03437a2104-64c3335b49cb8342 (56618:4433)", "Ts": 1558446409405062, "State": "Up", "Value": 0, "Who": "responder", "Packets1": 8, "Packets2": 8, "Bytes1": 3022, "Bytes2": 2100, "Bandwidth1": 24176, "Bandwidth2": 16800 },
{ "Event": "spinvalue", "Type": "QUIC", "Addrs": ["127.0.0.1","127.0.0.1"], "Session": "a81d1b03437a2104-64c3335b49cb8342 (56618:4433)", "Ts": 1558446409405379, "State": "Up", "Value": 0, "Who": "responder", "Packets1": 8, "Packets2": 9, "Bytes1": 3022, "Bytes2": 2173, "Bandwidth1": 24176, "Bandwidth2": 17384 },
{ "Event": "spinvalue", "Type": "QUIC", "Addrs": ["127.0.0.1","127.0.0.1"], "Session": "a81d1b03437a2104-64c3335b49cb8342 (56618:4433)", "Ts": 1558446409405481, "State": "Up", "Value": 0, "Who": "responder", "Packets1": 8, "Packets2": 10, "Bytes1": 3022, "Bytes2": 3481, "Bandwidth1": 24176, "Bandwidth2": 27848 },
{ "Event": "spinvalue", "Type": "QUIC", "Addrs": ["127.0.0.1","127.0.0.1"], "Session": "a81d1b03437a2104-64c3335b49cb8342 (56618:4433)", "Ts": 1558446409411637, "State": "Up", "Value": 0, "Who": "initiator", "Packets1": 8, "Packets2": 11, "Bytes1": 3022, "Bytes2": 4336, "Bandwidth1": 24176, "Bandwidth2": 34688 },
{ "Event": "spinvalue", "Type": "QUIC", "Addrs": ["127.0.0.1","127.0.0.1"], "Session": "a81d1b03437a2104-64c3335b49cb8342 (56618:4433)", "Ts": 1558446409416330, "State": "Up", "Value": 0, "Who": "initiator", "Packets1": 9, "Packets2": 11, "Bytes1": 3095, "Bytes2": 4336, "Bandwidth1": 24760, "Bandwidth2": 34688 },
{ "Event": "spinvalue", "Type": "QUIC", "Addrs": ["127.0.0.1","127.0.0.1"], "Session": "a81d1b03437a2104-64c3335b49cb8342 (56618:4433)", "Ts": 1558446409419111, "State": "Up", "Value": 0, "Who": "initiator", "Packets1": 10, "Packets2": 11, "Bytes1": 3168, "Bytes2": 4336, "Bandwidth1": 25344, "Bandwidth2": 34688 },
{ "Event": "spinvalue", "Type": "QUIC", "Addrs": ["127.0.0.1","127.0.0.1"], "Session": "a81d1b03437a2104-64c3335b49cb8342 (56618:4433)", "Ts": 1558446409429551, "State": "Up", "Value": 0, "Who": "responder", "Packets1": 11, "Packets2": 11, "Bytes1": 3241, "Bytes2": 4336, "Bandwidth1": 25928, "Bandwidth2": 34688 },
{ "Event": "spinvalue", "Type": "QUIC", "Addrs": ["127.0.0.1","127.0.0.1"], "Session": "a81d1b03437a2104-64c3335b49cb8342 (56618:4433)", "Ts": 1558446409429653, "State": "Up", "Value": 0, "Who": "responder", "Packets1": 11, "Packets2": 12, "Bytes1": 3241, "Bytes2": 5644, "Bandwidth1": 25928, "Bandwidth2": 45152 },
{ "Event": "spinvalue", "Type": "QUIC", "Addrs": ["127.0.0.1","127.0.0.1"], "Session": "a81d1b03437a2104-64c3335b49cb8342 (56618:4433)", "Ts": 1558446409432973, "State": "Up", "Value": 0, "Who": "initiator", "Packets1": 11, "Packets2": 13, "Bytes1": 3241, "Bytes2": 6500, "Bandwidth1": 25928, "Bandwidth2": 52000 },
{ "Event": "spinvalue", "Type": "QUIC", "Addrs": ["127.0.0.1","127.0.0.1"], "Session": "a81d1b03437a2104-64c3335b49cb8342 (56618:4433)", "Ts": 1558446409437238, "State": "Up", "Value": 0, "Who": "initiator", "Packets1": 12, "Packets2": 13, "Bytes1": 3314, "Bytes2": 6500, "Bandwidth1": 26512, "Bandwidth2": 52000 },
{ "Event": "spinvalue", "Type": "QUIC", "Addrs": ["127.0.0.1","127.0.0.1"], "Session": "a81d1b03437a2104-64c3335b49cb8342 (56618:4433)", "Ts": 1558446409453460, "State": "Up", "Value": 0, "Who": "responder", "Packets1": 13, "Packets2": 13, "Bytes1": 3387, "Bytes2": 6500, "Bandwidth1": 27096, "Bandwidth2": 52000 },
{ "Event": "spinvalue", "Type": "QUIC", "Addrs": ["127.0.0.1","127.0.0.1"], "Session": "a81d1b03437a2104-64c3335b49cb8342 (56618:4433)", "Ts": 1558446409453627, "State": "Up", "Value": 0, "Who": "responder", "Packets1": 13, "Packets2": 14, "Bytes1": 3387, "Bytes2": 7808, "Bandwidth1": 27096, "Bandwidth2": 62464 },
{ "Event": "spinvalue", "Type": "QUIC", "Addrs": ["127.0.0.1","127.0.0.1"], "Session": "a81d1b03437a2104-64c3335b49cb8342 (56618:4433)", "Ts": 1558446409457073, "State": "Up", "Value": 0, "Who": "initiator", "Packets1": 13, "Packets2": 15, "Bytes1": 3387, "Bytes2": 8664, "Bandwidth1": 27096, "Bandwidth2": 69312 },
{ "Event": "spinvalue", "Type": "QUIC", "Addrs": ["127.0.0.1","127.0.0.1"], "Session": "a81d1b03437a2104-64c3335b49cb8342 (56618:4433)", "Ts": 1558446409459745, "State": "Up", "Value": 0, "Who": "initiator", "Packets1": 14, "Packets2": 15, "Bytes1": 3460, "Bytes2": 8664, "Bandwidth1": 27680, "Bandwidth2": 69312 },
{ "Event": "spinvalue", "Type": "QUIC", "Addrs": ["127.0.0.1","127.0.0.1"], "Session": "a81d1b03437a2104-64c3335b49cb8342 (56618:4433)", "Ts": 1558446409477607, "State": "Up", "Value": 0, "Who": "responder", "Packets1": 15, "Packets2": 15, "Bytes1": 3533, "Bytes2": 8664, "Bandwidth1": 28264, "Bandwidth2": 69312 },
{ "Event": "spinvalue", "Type": "QUIC", "Addrs": ["127.0.0.1","127.0.0.1"], "Session": "a81d1b03437a2104-64c3335b49cb8342 (56618:4433)", "Ts": 1558446409478063, "State": "Up", "Value": 0, "Who": "responder", "Packets1": 15, "Packets2": 16, "Bytes1": 3533, "Bytes2": 9972, "Bandwidth1": 28264, "Bandwidth2": 79776 },
{ "Event": "spinvalue", "Type": "QUIC", "Addrs": ["127.0.0.1","127.0.0.1"], "Session": "a81d1b03437a2104-64c3335b49cb8342 (56618:4433)", "Ts": 1558446409481576, "State": "Up", "Value": 0, "Who": "initiator", "Packets1": 15, "Packets2": 17, "Bytes1": 3533, "Bytes2": 10828, "Bandwidth1": 28264, "Bandwidth2": 86624 },
{ "Event": "spinvalue", "Type": "QUIC", "Addrs": ["127.0.0.1","127.0.0.1"], "Session": "a81d1b03437a2104-64c3335b49cb8342 (56618:4433)", "Ts": 1558446409485236, "State": "Up", "Value": 0, "Who": "initiator", "Packets1": 16, "Packets2": 17, "Bytes1": 3606, "Bytes2": 10828, "Bandwidth1": 28848, "Bandwidth2": 86624 },
{ "Event": "spinvalue", "Type": "QUIC", "Addrs": ["127.0.0.1","127.0.0.1"], "Session": "a81d1b03437a2104-64c3335b49cb8342 (56618:4433)", "Ts": 1558446409502037, "State": "Up", "Value": 0, "Who": "responder", "Packets1": 17, "Packets2": 17, "Bytes1": 3679, "Bytes2": 10828, "Bandwidth1": 29432, "Bandwidth2": 86624 },
{ "Event": "spinvalue", "Type": "QUIC", "Addrs": ["127.0.0.1","127.0.0.1"], "Session": "a81d1b03437a2104-64c3335b49cb8342 (56618:4433)", "Ts": 1558446409502333, "State": "Up", "Value": 0, "Who": "responder", "Packets1": 17, "Packets2": 18, "Bytes1": 3679, "Bytes2": 12136, "Bandwidth1": 29432, "Bandwidth2": 97088 },
{ "Event": "spinvalue", "Type": "QUIC", "Addrs": ["127.0.0.1","127.0.0.1"], "Session": "a81d1b03437a2104-64c3335b49cb8342 (56618:4433)", "Ts": 1558446409504794, "State": "Up", "Value": 0, "Who": "initiator", "Packets1": 17, "Packets2": 19, "Bytes1": 3679, "Bytes2": 12992, "Bandwidth1": 29432, "Bandwidth2": 103936 },
{ "Event": "spinvalue", "Type": "QUIC", "Addrs": ["127.0.0.1","127.0.0.1"], "Session": "a81d1b03437a2104-64c3335b49cb8342 (56618:4433)", "Ts": 1558446409507256, "State": "Up", "Value": 0, "Who": "initiator", "Packets1": 18, "Packets2": 19, "Bytes1": 3752, "Bytes2": 12992, "Bandwidth1": 30016, "Bandwidth2": 103936 },
{ "Event": "spinvalue", "Type": "QUIC", "Addrs": ["127.0.0.1","127.0.0.1"], "Session": "a81d1b03437a2104-64c3335b49cb8342 (56618:4433)", "Ts": 1558446409523722, "State": "Up", "Value": 0, "Who": "responder", "Packets1": 19, "Packets2": 19, "Bytes1": 3825, "Bytes2": 12992, "Bandwidth1": 30600, "Bandwidth2": 103936 },
{ "Event": "spinvalue", "Type": "QUIC", "Addrs": ["127.0.0.1","127.0.0.1"], "Session": "a81d1b03437a2104-64c3335b49cb8342 (56618:4433)", "Ts": 1558446409523838, "State": "Up", "Value": 0, "Who": "responder", "Packets1": 19, "Packets2": 20, "Bytes1": 3825, "Bytes2": 14300, "Bandwidth1": 30600, "Bandwidth2": 114400 },
{ "Event": "spinvalue", "Type": "QUIC", "Addrs": ["127.0.0.1","127.0.0.1"], "Session": "a81d1b03437a2104-64c3335b49cb8342 (56618:4433)", "Ts": 1558446409526619, "State": "Up", "Value": 0, "Who": "initiator", "Packets1": 19, "Packets2": 21, "Bytes1": 3825, "Bytes2": 15156, "Bandwidth1": 30600, "Bandwidth2": 121248 },
{ "Event": "spinvalue", "Type": "QUIC", "Addrs": ["127.0.0.1","127.0.0.1"], "Session": "a81d1b03437a2104-64c3335b49cb8342 (56618:4433)", "Ts": 1558446409530008, "State": "Up", "Value": 0, "Who": "initiator", "Packets1": 20, "Packets2": 21, "Bytes1": 3898, "Bytes2": 15156, "Bandwidth1": 31184, "Bandwidth2": 121248 },
{ "Event": "spinvalue", "Type": "QUIC", "Addrs": ["127.0.0.1","127.0.0.1"], "Session": "a81d1b03437a2104-64c3335b49cb8342 (56618:4433)", "Ts": 1558446409547063, "State": "Up", "Value": 0, "Who": "responder", "Packets1": 21, "Packets2": 21, "Bytes1": 3971, "Bytes2": 15156, "Bandwidth1": 31768, "Bandwidth2": 121248 },
{ "Event": "spinvalue", "Type": "QUIC", "Addrs": ["127.0.0.1","127.0.0.1"], "Session": "a81d1b03437a2104-64c3335b49cb8342 (56618:4433)", "Ts": 1558446409547846, "State": "Up", "Value": 0, "Who": "responder", "Packets1": 21, "Packets2": 22, "Bytes1": 3971, "Bytes2": 16464, "Bandwidth1": 31768, "Bandwidth2": 131712 },
{ "Event": "spinvalue", "Type": "QUIC", "Addrs": ["127.0.0.1","127.0.0.1"], "Session": "a81d1b03437a2104-64c3335b49cb8342 (56618:4433)", "Ts": 1558446409550543, "State": "Up", "Value": 0, "Who": "initiator", "Packets1": 21, "Packets2": 23, "Bytes1": 3971, "Bytes2": 17320, "Bandwidth1": 31768, "Bandwidth2": 138560 },
{ "Event": "spinvalue", "Type": "QUIC", "Addrs": ["127.0.0.1","127.0.0.1"], "Session": "a81d1b03437a2104-64c3335b49cb8342 (56618:4433)", "Ts": 1558446409554338, "State": "Up", "Value": 0, "Who": "initiator", "Packets1": 22, "Packets2": 23, "Bytes1": 4044, "Bytes2": 17320, "Bandwidth1": 32352, "Bandwidth2": 138560 },
{ "Event": "spinvalue", "Type": "QUIC", "Addrs": ["127.0.0.1","127.0.0.1"], "Session": "a81d1b03437a2104-64c3335b49cb8342 (56618:4433)", "Ts": 1558446409570649, "State": "Up", "Value": 0, "Who": "responder", "Packets1": 23, "Packets2": 23, "Bytes1": 4117, "Bytes2": 17320, "Bandwidth1": 32936, "Bandwidth2": 138560 },
{ "Event": "spinvalue", "Type": "QUIC", "Addrs": ["127.0.0.1","127.0.0.1"], "Session": "a81d1b03437a2104-64c3335b49cb8342 (56618:4433)", "Ts": 1558446409570782, "State": "Up", "Value": 0, "Who": "responder", "Packets1": 23, "Packets2": 24, "Bytes1": 4117, "Bytes2": 18628, "Bandwidth1": 32936, "Bandwidth2": 149024 },
{ "Event": "spinvalue", "Type": "QUIC", "Addrs": ["127.0.0.1","127.0.0.1"], "Session": "a81d1b03437a2104-64c3335b49cb8342 (56618:4433)", "Ts": 1558446409573620, "State": "Up", "Value": 0, "Who": "initiator", "Packets1": 23, "Packets2": 26, "Bytes1": 4117, "Bytes2": 19582, "Bandwidth1": 32936, "Bandwidth2": 156656 },
{ "Event": "spinvalue", "Type": "QUIC", "Addrs": ["127.0.0.1","127.0.0.1"], "Session": "a81d1b03437a2104-64c3335b49cb8342 (56618:4433)", "Ts": 1558446409576779, "State": "Up", "Value": 0, "Who": "initiator", "Packets1": 24, "Packets2": 26, "Bytes1": 4190, "Bytes2": 19582, "Bandwidth1": 33520, "Bandwidth2": 156656 },
{ "Event": "spinvalue", "Type": "QUIC", "Addrs": ["127.0.0.1","127.0.0.1"], "Session": "a81d1b03437a2104-64c3335b49cb8342 (56618:4433)", "Ts": 1558446409591936, "State": "Up", "Value": 0, "Who": "responder", "Packets1": 26, "Packets2": 26, "Bytes1": 4350, "Bytes2": 19582, "Bandwidth1": 34800, "Bandwidth2": 156656 },
{ "Event": "spinvalue", "Type": "QUIC", "Addrs": ["127.0.0.1","127.0.0.1"], "Session": "a81d1b03437a2104-64c3335b49cb8342 (56618:4433)", "Ts": 1558446409592058, "State": "Up", "Value": 0, "Who": "responder", "Packets1": 26, "Packets2": 27, "Bytes1": 4350, "Bytes2": 20890, "Bandwidth1": 34800, "Bandwidth2": 167120 },
{ "Event": "spinvalue", "Type": "QUIC", "Addrs": ["127.0.0.1","127.0.0.1"], "Session": "a81d1b03437a2104-64c3335b49cb8342 (56618:4433)", "Ts": 1558446409594558, "State": "Up", "Value": 0, "Who": "initiator", "Packets1": 26, "Packets2": 28, "Bytes1": 4350, "Bytes2": 21750, "Bandwidth1": 34800, "Bandwidth2": 174000 },
{ "Event": "spinvalue", "Type": "QUIC", "Addrs": ["127.0.0.1","127.0.0.1"], "Session": "a81d1b03437a2104-64c3335b49cb8342 (56618:4433)", "Ts": 1558446409597046, "State": "Up", "Value": 0, "Who": "initiator", "Packets1": 27, "Packets2": 28, "Bytes1": 4423, "Bytes2": 21750, "Bandwidth1": 35384, "Bandwidth2": 174000 },
{ "Event": "spinvalue", "Type": "QUIC", "Addrs": ["127.0.0.1","127.0.0.1"], "Session": "a81d1b03437a2104-64c3335b49cb8342 (56618:4433)", "Ts": 1558446409612993, "State": "Up", "Value": 0, "Who": "responder", "Packets1": 28, "Packets2": 28, "Bytes1": 4496, "Bytes2": 21750, "Bandwidth1": 35968, "Bandwidth2": 174000 },
{ "Event": "spinvalue", "Type": "QUIC", "Addrs": ["127.0.0.1","127.0.0.1"], "Session": "a81d1b03437a2104-64c3335b49cb8342 (56618:4433)", "Ts": 1558446409613117, "State": "Up", "Value": 0, "Who": "responder", "Packets1": 28, "Packets2": 29, "Bytes1": 4496, "Bytes2": 23058, "Bandwidth1": 35968, "Bandwidth2": 184464 },
{ "Event": "spinvalue", "Type": "QUIC", "Addrs": ["127.0.0.1","127.0.0.1"], "Session": "a81d1b03437a2104-64c3335b49cb8342 (56618:4433)", "Ts": 1558446409615517, "State": "Up", "Value": 0, "Who": "initiator", "Packets1": 28, "Packets2": 30, "Bytes1": 4496, "Bytes2": 23918, "Bandwidth1": 35968, "Bandwidth2": 191344 },
{ "Event": "spinvalue", "Type": "QUIC", "Addrs": ["127.0.0.1","127.0.0.1"], "Session": "a81d1b03437a2104-64c3335b49cb8342 (56618:4433)", "Ts": 1558446409618972, "State": "Up", "Value": 0, "Who": "initiator", "Packets1": 29, "Packets2": 30, "Bytes1": 4569, "Bytes2": 23918, "Bandwidth1": 36552, "Bandwidth2": 191344 },
{ "Event": "spinvalue", "Type": "QUIC", "Addrs": ["127.0.0.1","127.0.0.1"], "Session": "a81d1b03437a2104-64c3335b49cb8342 (56618:4433)", "Ts": 1558446409636589, "State": "Up", "Value": 0, "Who": "responder", "Packets1": 30, "Packets2": 30, "Bytes1": 4642, "Bytes2": 23918, "Bandwidth1": 37136, "Bandwidth2": 191344 },
{ "Event": "spinvalue", "Type": "QUIC", "Addrs": ["127.0.0.1","127.0.0.1"], "Session": "a81d1b03437a2104-64c3335b49cb8342 (56618:4433)", "Ts": 1558446409636713, "State": "Up", "Value": 0, "Who": "responder", "Packets1": 30, "Packets2": 31, "Bytes1": 4642, "Bytes2": 25226, "Bandwidth1": 37136, "Bandwidth2": 201808 },
{ "Event": "spinvalue", "Type": "QUIC", "Addrs": ["127.0.0.1","127.0.0.1"], "Session": "a81d1b03437a2104-64c3335b49cb8342 (56618:4433)", "Ts": 1558446409639297, "State": "Up", "Value": 0, "Who": "initiator", "Packets1": 30, "Packets2": 32, "Bytes1": 4642, "Bytes2": 26086, "Bandwidth1": 37136, "Bandwidth2": 208688 },
{ "Event": "spinvalue", "Type": "QUIC", "Addrs": ["127.0.0.1","127.0.0.1"], "Session": "a81d1b03437a2104-64c3335b49cb8342 (56618:4433)", "Ts": 1558446409642634, "State": "Up", "Value": 0, "Who": "initiator", "Packets1": 31, "Packets2": 32, "Bytes1": 4715, "Bytes2": 26086, "Bandwidth1": 37720, "Bandwidth2": 208688 },
{ "Event": "spinvalue", "Type": "QUIC", "Addrs": ["127.0.0.1","127.0.0.1"], "Session": "a81d1b03437a2104-64c3335b49cb8342 (56618:4433)", "Ts": 1558446409657345, "State": "Up", "Value": 0, "Who": "responder", "Packets1": 32, "Packets2": 32, "Bytes1": 4788, "Bytes2": 26086, "Bandwidth1": 38304, "Bandwidth2": 208688 },
{ "Event": "spinvalue", "Type": "QUIC", "Addrs": ["127.0.0.1","127.0.0.1"], "Session": "a81d1b03437a2104-64c3335b49cb8342 (56618:4433)", "Ts": 1558446409657581, "State": "Up", "Value": 0, "Who": "responder", "Packets1": 32, "Packets2": 33, "Bytes1": 4788, "Bytes2": 27394, "Bandwidth1": 38304, "Bandwidth2": 219152 },
{ "Event": "spinvalue", "Type": "QUIC", "Addrs": ["127.0.0.1","127.0.0.1"], "Session": "a81d1b03437a2104-64c3335b49cb8342 (56618:4433)", "Ts": 1558446409660750, "State": "Up", "Value": 0, "Who": "initiator", "Packets1": 32, "Packets2": 34, "Bytes1": 4788, "Bytes2": 28254, "Bandwidth1": 38304, "Bandwidth2": 226032 },
{ "Event": "spinvalue", "Type": "QUIC", "Addrs": ["127.0.0.1","127.0.0.1"], "Session": "a81d1b03437a2104-64c3335b49cb8342 (56618:4433)", "Ts": 1558446409663360, "State": "Up", "Value": 0, "Who": "initiator", "Packets1": 33, "Packets2": 34, "Bytes1": 4861, "Bytes2": 28254, "Bandwidth1": 38888, "Bandwidth2": 226032 },
{ "Event": "spinvalue", "Type": "QUIC", "Addrs": ["127.0.0.1","127.0.0.1"], "Session": "a81d1b03437a2104-64c3335b49cb8342 (56618:4433)", "Ts": 1558446409681722, "State": "Up", "Value": 0, "Who": "responder", "Packets1": 34, "Packets2": 34, "Bytes1": 4934, "Bytes2": 28254, "Bandwidth1": 39472, "Bandwidth2": 226032 },
{ "Event": "spinvalue", "Type": "QUIC", "Addrs": ["127.0.0.1","127.0.0.1"], "Session": "a81d1b03437a2104-64c3335b49cb8342 (56618:4433)", "Ts": 1558446409681854, "State": "Up", "Value": 0, "Who": "responder", "Packets1": 34, "Packets2": 35, "Bytes1": 4934, "Bytes2": 29562, "Bandwidth1": 39472, "Bandwidth2": 236496 },
{ "Event": "spinvalue", "Type": "QUIC", "Addrs": ["127.0.0.1","127.0.0.1"], "Session": "a81d1b03437a2104-64c3335b49cb8342 (56618:4433)", "Ts": 1558446409684848, "State": "Up", "Value": 0, "Who": "initiator", "Packets1": 34, "Packets2": 36, "Bytes1": 4934, "Bytes2": 30422, "Bandwidth1": 39472, "Bandwidth2": 243376 },
{ "Event": "spinvalue", "Type": "QUIC", "Addrs": ["127.0.0.1","127.0.0.1"], "Session": "a81d1b03437a2104-64c3335b49cb8342 (56618:4433)", "Ts": 1558446409687934, "State": "Up", "Value": 0, "Who": "initiator", "Packets1": 35, "Packets2": 36, "Bytes1": 5007, "Bytes2": 30422, "Bandwidth1": 40056, "Bandwidth2": 243376 },
{ "Event": "spinvalue", "Type": "QUIC", "Addrs": ["127.0.0.1","127.0.0.1"], "Session": "a81d1b03437a2104-64c3335b49cb8342 (56618:4433)", "Ts": 1558446409702962, "State": "Up", "Value": 0, "Who": "responder", "Packets1": 36, "Packets2": 36, "Bytes1": 5080, "Bytes2": 30422, "Bandwidth1": 40640, "Bandwidth2": 243376 },
{ "Event": "spinvalue", "Type": "QUIC", "Addrs": ["127.0.0.1","127.0.0.1"], "Session": "a81d1b03437a2104-64c3335b49cb8342 (56618:4433)", "Ts": 1558446409703076, "State": "Up", "Value": 0, "Who": "responder", "Packets1": 36, "Packets2": 37, "Bytes1": 5080, "Bytes2": 31730, "Bandwidth1": 40640, "Bandwidth2": 253840 },
{ "Event": "spinvalue", "Type": "QUIC", "Addrs": ["127.0.0.1","127.0.0.1"], "Session": "a81d1b03437a2104-64c3335b49cb8342 (56618:4433)", "Ts": 1558446409705659, "State": "Up", "Value": 0, "Who": "initiator", "Packets1": 36, "Packets2": 38, "Bytes1": 5080, "Bytes2": 32590, "Bandwidth1": 40640, "Bandwidth2": 260720 },
{ "Event": "spinvalue", "Type": "QUIC", "Addrs": ["127.0.0.1","127.0.0.1"], "Session": "a81d1b03437a2104-64c3335b49cb8342 (56618:4433)", "Ts": 1558446409708350, "State": "Up", "Value": 0, "Who": "initiator", "Packets1": 37, "Packets2": 38, "Bytes1": 5153, "Bytes2": 32590, "Bandwidth1": 41224, "Bandwidth2": 260720 },
{ "Event": "spinvalue", "Type": "QUIC", "Addrs": ["127.0.0.1","127.0.0.1"], "Session": "a81d1b03437a2104-64c3335b49cb8342 (56618:4433)", "Ts": 1558446409723362, "State": "Up", "Value": 0, "Who": "responder", "Packets1": 38, "Packets2": 38, "Bytes1": 5226, "Bytes2": 32590, "Bandwidth1": 41808, "Bandwidth2": 260720 },
{ "Event": "spinvalue", "Type": "QUIC", "Addrs": ["127.0.0.1","127.0.0.1"], "Session": "a81d1b03437a2104-64c3335b49cb8342 (56618:4433)", "Ts": 1558446409723465, "State": "Up", "Value": 0, "Who": "responder", "Packets1": 38, "Packets2": 39, "Bytes1": 5226, "Bytes2": 33898, "Bandwidth1": 41808, "Bandwidth2": 271184 },
{ "Event": "spinvalue", "Type": "QUIC", "Addrs": ["127.0.0.1","127.0.0.1"], "Session": "a81d1b03437a2104-64c3335b49cb8342 (56618:4433)", "Ts": 1558446409726039, "State": "Up", "Value": 0, "Who": "initiator", "Packets1": 38, "Packets2": 40, "Bytes1": 5226, "Bytes2": 34758, "Bandwidth1": 41808, "Bandwidth2": 278064 },
{ "Event": "spinvalue", "Type": "QUIC", "Addrs": ["127.0.0.1","127.0.0.1"], "Session": "a81d1b03437a2104-64c3335b49cb8342 (56618:4433)", "Ts": 1558446409728450, "State": "Up", "Value": 0, "Who": "initiator", "Packets1": 39, "Packets2": 40, "Bytes1": 5299, "Bytes2": 34758, "Bandwidth1": 42392, "Bandwidth2": 278064 },
{ "Event": "spinvalue", "Type": "QUIC", "Addrs": ["127.0.0.1","127.0.0.1"], "Session": "a81d1b03437a2104-64c3335b49cb8342 (56618:4433)", "Ts": 1558446409746182, "State": "Up", "Value": 0, "Who": "responder", "Packets1": 40, "Packets2": 40, "Bytes1": 5372, "Bytes2": 34758, "Bandwidth1": 42976, "Bandwidth2": 278064 },
{ "Event": "spinvalue", "Type": "QUIC", "Addrs": ["127.0.0.1","127.0.0.1"], "Session": "a81d1b03437a2104-64c3335b49cb8342 (56618:4433)", "Ts": 1558446409746328, "State": "Up", "Value": 0, "Who": "responder", "Packets1": 40, "Packets2": 41, "Bytes1": 5372, "Bytes2": 36066, "Bandwidth1": 42976, "Bandwidth2": 288528 },
{ "Event": "spinvalue", "Type": "QUIC", "Addrs": ["127.0.0.1","127.0.0.1"], "Session": "a81d1b03437a2104-64c3335b49cb8342 (56618:4433)", "Ts": 1558446409748705, "State": "Up", "Value": 0, "Who": "initiator", "Packets1": 40, "Packets2": 42, "Bytes1": 5372, "Bytes2": 36926, "Bandwidth1": 42976, "Bandwidth2": 295408 },
{ "Event": "spinvalue", "Type": "QUIC", "Addrs": ["127.0.0.1","127.0.0.1"], "Session": "a81d1b03437a2104-64c3335b49cb8342 (56618:4433)", "Ts": 1558446409751426, "State": "Up", "Value": 0, "Who": "initiator", "Packets1": 41, "Packets2": 42, "Bytes1": 5445, "Bytes2": 36926, "Bandwidth1": 43560, "Bandwidth2": 295408 },
{ "Event": "spinvalue", "Type": "QUIC", "Addrs": ["127.0.0.1","127.0.0.1"], "Session": "a81d1b03437a2104-64c3335b49cb8342 (56618:4433)", "Ts": 1558446409771432, "State": "Up", "Value": 0, "Who": "responder", "Packets1": 42, "Packets2": 42, "Bytes1": 5518, "Bytes2": 36926, "Bandwidth1": 44144, "Bandwidth2": 295408 },
{ "Event": "spinvalue", "Type": "QUIC", "Addrs": ["127.0.0.1","127.0.0.1"], "Session": "a81d1b03437a2104-64c3335b49cb8342 (56618:4433)", "Ts": 1558446409771553, "State": "Up", "Value": 0, "Who": "responder", "Packets1": 42, "Packets2": 43, "Bytes1": 5518, "Bytes2": 38234, "Bandwidth1": 44144, "Bandwidth2": 305872 },
{ "Event": "spinvalue", "Type": "QUIC", "Addrs": ["127.0.0.1","127.0.0.1"], "Session": "a81d1b03437a2104-64c3335b49cb8342 (56618:4433)", "Ts": 1558446409774301, "State": "Up", "Value": 0, "Who": "initiator", "Packets1": 42, "Packets2": 45, "Bytes1": 5518, "Bytes2": 39192, "Bandwidth1": 44144, "Bandwidth2": 313536 },
{ "Event": "spinvalue", "Type": "QUIC", "Addrs": ["127.0.0.1","127.0.0.1"], "Session": "a81d1b03437a2104-64c3335b49cb8342 (56618:4433)", "Ts": 1558446409777176, "State": "Up", "Value": 0, "Who": "initiator", "Packets1": 43, "Packets2": 45, "Bytes1": 5591, "Bytes2": 39192, "Bandwidth1": 44728, "Bandwidth2": 313536 },
{ "Event": "spinvalue", "Type": "QUIC", "Addrs": ["127.0.0.1","127.0.0.1"], "Session": "a81d1b03437a2104-64c3335b49cb8342 (56618:4433)", "Ts": 1558446409794739, "State": "Up", "Value": 0, "Who": "responder", "Packets1": 45, "Packets2": 45, "Bytes1": 5751, "Bytes2": 39192, "Bandwidth1": 46008, "Bandwidth2": 313536 },
{ "Event": "spinvalue", "Type": "QUIC", "Addrs": ["127.0.0.1","127.0.0.1"], "Session": "a81d1b03437a2104-64c3335b49cb8342 (56618:4433)", "Ts": 1558446409794873, "State": "Up", "Value": 0, "Who": "responder", "Packets1": 45, "Packets2": 46, "Bytes1": 5751, "Bytes2": 40500, "Bandwidth1": 46008, "Bandwidth2": 324000 },
{ "Event": "spinvalue", "Type": "QUIC", "Addrs": ["127.0.0.1","127.0.0.1"], "Session": "a81d1b03437a2104-64c3335b49cb8342 (56618:4433)", "Ts": 1558446409797399, "State": "Up", "Value": 0, "Who": "initiator", "Packets1": 45, "Packets2": 47, "Bytes1": 5751, "Bytes2": 41360, "Bandwidth1": 46008, "Bandwidth2": 330880 },
{ "Event": "spinvalue", "Type": "QUIC", "Addrs": ["127.0.0.1","127.0.0.1"], "Session": "a81d1b03437a2104-64c3335b49cb8342 (56618:4433)", "Ts": 1558446409800406, "State": "Up", "Value": 0, "Who": "initiator", "Packets1": 46, "Packets2": 47, "Bytes1": 5824, "Bytes2": 41360, "Bandwidth1": 46592, "Bandwidth2": 330880 },
{ "Event": "spinvalue", "Type": "QUIC", "Addrs": ["127.0.0.1","127.0.0.1"], "Session": "a81d1b03437a2104-64c3335b49cb8342 (56618:4433)", "Ts": 1558446409817420, "State": "Up", "Value": 0, "Who": "responder", "Packets1": 47, "Packets2": 47, "Bytes1": 5897, "Bytes2": 41360, "Bandwidth1": 47176, "Bandwidth2": 330880 },
{ "Event": "spinvalue", "Type": "QUIC", "Addrs": ["127.0.0.1","127.0.0.1"], "Session": "a81d1b03437a2104-64c3335b49cb8342 (56618:4433)", "Ts": 1558446409817552, "State": "Up", "Value": 0, "Who": "responder", "Packets1": 47, "Packets2": 48, "Bytes1": 5897, "Bytes2": 42668, "Bandwidth1": 47176, "Bandwidth2": 341344 },
{ "Event": "spinvalue", "Type": "QUIC", "Addrs": ["127.0.0.1","127.0.0.1"], "Session": "a81d1b03437a2104-64c3335b49cb8342 (56618:4433)", "Ts": 1558446409820520, "State": "Up", "Value": 0, "Who": "initiator", "Packets1": 47, "Packets2": 49, "Bytes1": 5897, "Bytes2": 43528, "Bandwidth1": 47176, "Bandwidth2": 348224 },
{ "Event": "spinvalue", "Type": "QUIC", "Addrs": ["127.0.0.1","127.0.0.1"], "Session": "a81d1b03437a2104-64c3335b49cb8342 (56618:4433)", "Ts": 1558446409823472, "State": "Up", "Value": 0, "Who": "initiator", "Packets1": 48, "Packets2": 49, "Bytes1": 5970, "Bytes2": 43528, "Bandwidth1": 47760, "Bandwidth2": 348224 },
{ "Event": "spinvalue", "Type": "QUIC", "Addrs": ["127.0.0.1","127.0.0.1"], "Session": "a81d1b03437a2104-64c3335b49cb8342 (56618:4433)", "Ts": 1558446409840211, "State": "Up", "Value": 0, "Who": "responder", "Packets1": 49, "Packets2": 49, "Bytes1": 6043, "Bytes2": 43528, "Bandwidth1": 48344, "Bandwidth2": 348224 },
{ "Event": "spinvalue", "Type": "QUIC", "Addrs": ["127.0.0.1","127.0.0.1"], "Session": "a81d1b03437a2104-64c3335b49cb8342 (56618:4433)", "Ts": 1558446409840364, "State": "Up", "Value": 0, "Who": "responder", "Packets1": 49, "Packets2": 50, "Bytes1": 6043, "Bytes2": 44836, "Bandwidth1": 48344, "Bandwidth2": 358688 },
{ "Event": "spinvalue", "Type": "QUIC", "Addrs": ["127.0.0.1","127.0.0.1"], "Session": "a81d1b03437a2104-64c3335b49cb8342 (56618:4433)", "Ts": 1558446409842696, "State": "Up", "Value": 0, "Who": "initiator", "Packets1": 49, "Packets2": 51, "Bytes1": 6043, "Bytes2": 45696, "Bandwidth1": 48344, "Bandwidth2": 365568 },
{ "Event": "spinvalue", "Type": "QUIC", "Addrs": ["127.0.0.1","127.0.0.1"], "Session": "a81d1b03437a2104-64c3335b49cb8342 (56618:4433)", "Ts": 1558446409845481, "State": "Up", "Value": 0, "Who": "initiator", "Packets1": 50, "Packets2": 51, "Bytes1": 6116, "Bytes2": 45696, "Bandwidth1": 48928, "Bandwidth2": 365568 },
{ "Event": "spinvalue", "Type": "QUIC", "Addrs": ["127.0.0.1","127.0.0.1"], "Session": "a81d1b03437a2104-64c3335b49cb8342 (56618:4433)", "Ts": 1558446409865415, "State": "Up", "Value": 0, "Who": "responder", "Packets1": 51, "Packets2": 51, "Bytes1": 6189, "Bytes2": 45696, "Bandwidth1": 49512, "Bandwidth2": 365568 },
{ "Event": "spinvalue", "Type": "QUIC", "Addrs": ["127.0.0.1","127.0.0.1"], "Session": "a81d1b03437a2104-64c3335b49cb8342 (56618:4433)", "Ts": 1558446409865531, "State": "Up", "Value": 0, "Who": "responder", "Packets1": 51, "Packets2": 52, "Bytes1": 6189, "Bytes2": 47004, "Bandwidth1": 49512, "Bandwidth2": 376032 },
{ "Event": "spinvalue", "Type": "QUIC", "Addrs": ["127.0.0.1","127.0.0.1"], "Session": "a81d1b03437a2104-64c3335b49cb8342 (56618:4433)", "Ts": 1558446409869628, "State": "Up", "Value": 0, "Who": "initiator", "Packets1": 51, "Packets2": 53, "Bytes1": 6189, "Bytes2": 47864, "Bandwidth1": 49512, "Bandwidth2": 382912 },
{ "Event": "spinvalue", "Type": "QUIC", "Addrs": ["127.0.0.1","127.0.0.1"], "Session": "a81d1b03437a2104-64c3335b49cb8342 (56618:4433)", "Ts": 1558446409873625, "State": "Up", "Value": 0, "Who": "initiator", "Packets1": 52, "Packets2": 53, "Bytes1": 6262, "Bytes2": 47864, "Bandwidth1": 50096, "Bandwidth2": 382912 },
{ "Event": "spinvalue", "Type": "QUIC", "Addrs": ["127.0.0.1","127.0.0.1"], "Session": "a81d1b03437a2104-64c3335b49cb8342 (56618:4433)", "Ts": 1558446409890203, "State": "Up", "Value": 0, "Who": "responder", "Packets1": 53, "Packets2": 53, "Bytes1": 6335, "Bytes2": 47864, "Bandwidth1": 50680, "Bandwidth2": 382912 },
{ "Event": "spinvalue", "Type": "QUIC", "Addrs": ["127.0.0.1","127.0.0.1"], "Session": "a81d1b03437a2104-64c3335b49cb8342 (56618:4433)", "Ts": 1558446409890343, "State": "Up", "Value": 0, "Who": "responder", "Packets1": 53, "Packets2": 54, "Bytes1": 6335, "Bytes2": 49172, "Bandwidth1": 50680, "Bandwidth2": 393376 },
{ "Event": "spinvalue", "Type": "QUIC", "Addrs": ["127.0.0.1","127.0.0.1"], "Session": "a81d1b03437a2104-64c3335b49cb8342 (56618:4433)", "Ts": 1558446409892846, "State": "Up", "Value": 0, "Who": "initiator", "Packets1": 53, "Packets2": 55, "Bytes1": 6335, "Bytes2": 50032, "Bandwidth1": 50680, "Bandwidth2": 400256 },
{ "Event": "spinvalue", "Type": "QUIC", "Addrs": ["127.0.0.1","127.0.0.1"], "Session": "a81d1b03437a2104-64c3335b49cb8342 (56618:4433)", "Ts": 1558446409895729, "State": "Up", "Value": 0, "Who": "initiator", "Packets1": 54, "Packets2": 55, "Bytes1": 6408, "Bytes2": 50032, "Bandwidth1": 51264, "Bandwidth2": 400256 },
{ "Event": "spinvalue", "Type": "QUIC", "Addrs": ["127.0.0.1","127.0.0.1"], "Session": "a81d1b03437a2104-64c3335b49cb8342 (56618:4433)", "Ts": 1558446409911284, "State": "Up", "Value": 0, "Who": "responder", "Packets1": 55, "Packets2": 55, "Bytes1": 6481, "Bytes2": 50032, "Bandwidth1": 51848, "Bandwidth2": 400256 },
{ "Event": "spinvalue", "Type": "QUIC", "Addrs": ["127.0.0.1","127.0.0.1"], "Session": "a81d1b03437a2104-64c3335b49cb8342 (56618:4433)", "Ts": 1558446409911415, "State": "Up", "Value": 0, "Who": "responder", "Packets1": 55, "Packets2": 56, "Bytes1": 6481, "Bytes2": 51340, "Bandwidth1": 51848, "Bandwidth2": 410720 },
{ "Event": "spinvalue", "Type": "QUIC", "Addrs": ["127.0.0.1","127.0.0.1"], "Session": "a81d1b03437a2104-64c3335b49cb8342 (56618:4433)", "Ts": 1558446409913866, "State": "Up", "Value": 0, "Who": "initiator", "Packets1": 55, "Packets2": 57, "Bytes1": 6481, "Bytes2": 52200, "Bandwidth1": 51848, "Bandwidth2": 417600 },
{ "Event": "spinvalue", "Type": "QUIC", "Addrs": ["127.0.0.1","127.0.0.1"], "Session": "a81d1b03437a2104-64c3335b49cb8342 (56618:4433)", "Ts": 1558446409916592, "State": "Up", "Value": 0, "Who": "initiator", "Packets1": 56, "Packets2": 57, "Bytes1": 6554, "Bytes2": 52200, "Bandwidth1": 52432, "Bandwidth2": 417600 },
{ "Event": "spinvalue", "Type": "QUIC", "Addrs": ["127.0.0.1","127.0.0.1"], "Session": "a81d1b03437a2104-64c3335b49cb8342 (56618:4433)", "Ts": 1558446409934274, "State": "Up", "Value": 0, "Who": "responder", "Packets1": 57, "Packets2": 57, "Bytes1": 6627, "Bytes2": 52200, "Bandwidth1": 53016, "Bandwidth2": 417600 },
{ "Event": "spinvalue", "Type": "QUIC", "Addrs": ["127.0.0.1","127.0.0.1"], "Session": "a81d1b03437a2104-64c3335b49cb8342 (56618:4433)", "Ts": 1558446409934621, "State": "Up", "Value": 0, "Who": "responder", "Packets1": 57, "Packets2": 58, "Bytes1": 6627, "Bytes2": 53508, "Bandwidth1": 53016, "Bandwidth2": 428064 },
{ "Event": "spinvalue", "Type": "QUIC", "Addrs": ["127.0.0.1","127.0.0.1"], "Session": "a81d1b03437a2104-64c3335b49cb8342 (56618:4433)", "Ts": 1558446409938535, "State": "Up", "Value": 0, "Who": "initiator", "Packets1": 57, "Packets2": 59, "Bytes1": 6627, "Bytes2": 54368, "Bandwidth1": 53016, "Bandwidth2": 434944 },
{ "Event": "spinvalue", "Type": "QUIC", "Addrs": ["127.0.0.1","127.0.0.1"], "Session": "a81d1b03437a2104-64c3335b49cb8342 (56618:4433)", "Ts": 1558446409941524, "State": "Up", "Value": 0, "Who": "initiator", "Packets1": 58, "Packets2": 59, "Bytes1": 6700, "Bytes2": 54368, "Bandwidth1": 53600, "Bandwidth2": 434944 },
{ "Event": "spinvalue", "Type": "QUIC", "Addrs": ["127.0.0.1","127.0.0.1"], "Session": "a81d1b03437a2104-64c3335b49cb8342 (56618:4433)", "Ts": 1558446409954874, "State": "Up", "Value": 0, "Who": "responder", "Packets1": 59, "Packets2": 59, "Bytes1": 6773, "Bytes2": 54368, "Bandwidth1": 54184, "Bandwidth2": 434944 },
{ "Event": "spinvalue", "Type": "QUIC", "Addrs": ["127.0.0.1","127.0.0.1"], "Session": "a81d1b03437a2104-64c3335b49cb8342 (56618:4433)", "Ts": 1558446409955012, "State": "Up", "Value": 0, "Who": "responder", "Packets1": 59, "Packets2": 60, "Bytes1": 6773, "Bytes2": 55676, "Bandwidth1": 54184, "Bandwidth2": 445408 },
{ "Event": "spinvalue", "Type": "QUIC", "Addrs": ["127.0.0.1","127.0.0.1"], "Session": "a81d1b03437a2104-64c3335b49cb8342 (56618:4433)", "Ts": 1558446409957598, "State": "Up", "Value": 0, "Who": "initiator", "Packets1": 59, "Packets2": 61, "Bytes1": 6773, "Bytes2": 56536, "Bandwidth1": 54184, "Bandwidth2": 452288 },
{ "Event": "spinvalue", "Type": "QUIC", "Addrs": ["127.0.0.1","127.0.0.1"], "Session": "a81d1b03437a2104-64c3335b49cb8342 (56618:4433)", "Ts": 1558446409960843, "State": "Up", "Value": 0, "Who": "initiator", "Packets1": 60, "Packets2": 61, "Bytes1": 6846, "Bytes2": 56536, "Bandwidth1": 54768, "Bandwidth2": 452288 },
{ "Event": "spinvalue", "Type": "QUIC", "Addrs": ["127.0.0.1","127.0.0.1"], "Session": "a81d1b03437a2104-64c3335b49cb8342 (56618:4433)", "Ts": 1558446409975630, "State": "Up", "Value": 0, "Who": "responder", "Packets1": 61, "Packets2": 62, "Bytes1": 6919, "Bytes2": 56634, "Bandwidth1": 55352, "Bandwidth2": 453072 },
{ "Event": "spinvalue", "Type": "QUIC", "Addrs": ["127.0.0.1","127.0.0.1"], "Session": "a81d1b03437a2104-64c3335b49cb8342 (56618:4433)", "Ts": 1558446409975882, "State": "Up", "Value": 0, "Who": "responder", "Packets1": 61, "Packets2": 63, "Bytes1": 6919, "Bytes2": 57942, "Bandwidth1": 55352, "Bandwidth2": 463536 },
{ "Event": "spinvalue", "Type": "QUIC", "Addrs": ["127.0.0.1","127.0.0.1"], "Session": "a81d1b03437a2104-64c3335b49cb8342 (56618:4433)", "Ts": 1558446409981759, "State": "Up", "Value": 0, "Who": "initiator", "Packets1": 62, "Packets2": 64, "Bytes1": 7006, "Bytes2": 58802, "Bandwidth1": 56048, "Bandwidth2": 470416 },
{ "Event": "spinvalue", "Type": "QUIC", "Addrs": ["127.0.0.1","127.0.0.1"], "Session": "a81d1b03437a2104-64c3335b49cb8342 (56618:4433)", "Ts": 1558446409984334, "State": "Up", "Value": 0, "Who": "initiator", "Packets1": 63, "Packets2": 64, "Bytes1": 7079, "Bytes2": 58802, "Bandwidth1": 56632, "Bandwidth2": 470416 },
{ "Event": "spinvalue", "Type": "QUIC", "Addrs": ["127.0.0.1","127.0.0.1"], "Session": "a81d1b03437a2104-64c3335b49cb8342 (56618:4433)", "Ts": 1558446409997173, "State": "Up", "Value": 0, "Who": "responder", "Packets1": 64, "Packets2": 64, "Bytes1": 7152, "Bytes2": 58802, "Bandwidth1": 57216, "Bandwidth2": 470416 },
{ "Event": "spinvalue", "Type": "QUIC", "Addrs": ["127.0.0.1","127.0.0.1"], "Session": "a81d1b03437a2104-64c3335b49cb8342 (56618:4433)", "Ts": 1558446409997420, "State": "Up", "Value": 0, "Who": "responder", "Packets1": 64, "Packets2": 65, "Bytes1": 7152, "Bytes2": 60110, "Bandwidth1": 57216, "Bandwidth2": 480880 },
{ "Event": "spinvalue", "Type": "QUIC", "Addrs": ["127.0.0.1","127.0.0.1"], "Session": "a81d1b03437a2104-64c3335b49cb8342 (56618:4433)", "Ts": 1558446409999560, "State": "Up", "Value": 0, "Who": "initiator", "Packets1": 64, "Packets2": 66, "Bytes1": 7152, "Bytes2": 60335, "Bandwidth1": 57216, "Bandwidth2": 482680 },
{ "Event": "spinvalue", "Type": "QUIC", "Addrs": ["127.0.0.1","127.0.0.1"], "Session": "a81d1b03437a2104-64c3335b49cb8342 (56618:4433)", "Ts": 1558446410002292, "State": "Up", "Value": 0, "Who": "initiator", "Packets1": 65, "Packets2": 66, "Bytes1": 7225, "Bytes2": 60335, "Bandwidth1": 57800, "Bandwidth2": 482680 },
{ "Event": "spinvalue", "Type": "QUIC", "Addrs": ["127.0.0.1","127.0.0.1"], "Session": "a81d1b03437a2104-64c3335b49cb8342 (56618:4433)", "Ts": 1558446410022256, "State": "Up", "Value": 0, "Who": "responder", "Packets1": 66, "Packets2": 66, "Bytes1": 7298, "Bytes2": 60335, "Bandwidth1": 58384, "Bandwidth2": 482680 },
{ "Event": "spinvalue", "Type": "QUIC", "Addrs": ["127.0.0.1","127.0.0.1"], "Session": "a81d1b03437a2104-64c3335b49cb8342 (56618:4433)", "Ts": 1558446410024795, "State": "Up", "Value": 0, "Who": "initiator", "Packets1": 66, "Packets2": 67, "Bytes1": 7298, "Bytes2": 60408, "Bandwidth1": 58384, "Bandwidth2": 483264 },
{ "Event": "new", "Type": "UDP", "Addrs": ["192.168.203.175","255.255.255.255"], "Session": "17500:17500", "Ts": 1558446418962684, "State": "Starting", "Packets1": 0, "Packets2": 0, "Bytes1": 0, "Bytes2": 0 },
{ "Event": "new", "Type": "UDP", "Addrs": ["192.168.203.175","192.168.203.255"], "Session": "17500:17500", "Ts": 1558446418963013, "State": "Starting", "Packets1": 0, "Packets2": 0, "Bytes1": 0, "Bytes2": 0 },
{ "Event": "new", "Type": "UDP", "Addrs": ["192.168.203.175","224.0.0.1"], "Session": "55487:1337", "Ts": 1558446444398924, "State": "Starting", "Packets1": 0, "Packets2": 0, "Bytes1": 0, "Bytes2": 0 },
{ "Event": "delete", "Type": "UDP", "Addrs": ["192.168.203.175","192.168.203.255"], "Session": "17500:17500", "State": "Starting", "Packets1": 1, "Packets2": 0, "Bytes1": 334, "Bytes2": 0, "Bandwidth1": 2672, "Bandwidth2": 0 },
{ "Event": "delete", "Type": "UDP", "Addrs": ["192.168.203.175","192.168.203.255"], "Session": "17500:17500", "State": "Starting", "Packets1": 1, "Packets2": 0, "Bytes1": 334, "Bytes2": 0, "Bandwidth1": 2672, "Bandwidth2": 0 },
{ "Event": "new", "Type": "UDP", "Addrs": ["192.168.203.175","192.168.203.255"], "Session": "17500:17500", "Ts": 1558446449004746, "State": "Starting", "Packets1": 0, "Packets2": 0, "Bytes1": 0, "Bytes2": 0 }
]
