ICMP 2001:67c:1232:144:9498:6df6:f450:110b <-> 2001:67c:2b0:1c1::198 959 at 1553417897245943 new packets 0 bytes 0
ICMP 2001:67c:1232:144:9498:6df6:f450:110b <-> 2001:67c:2b0:1c1::198 959 at 1553417897279742 measurement right 33799 packets 1 bytes 56
ICMP 2001:67c:1232:144:9498:6df6:f450:110b <-> 2001:67c:2b0:1c1::198 959 at 1553417898282108 measurement right 35588 packets 3 bytes 168
