[
{ "Event": "new", "Type": "QUIC", "Addrs": ["192.168.203.236","52.58.13.57"], "Session": "f501d609-80adaf1f6ab3284eef49aaad137c20bfbc", "Ts": 1558355677328861, "Packets1": 0, "Packets2": 0, "Bytes1": 0, "Bytes2": 0 },
{ "Event": "measurement", "Type": "QUIC", "Addrs": ["192.168.203.236","52.58.13.57"], "Session": "f501d609-065a5b378f229aa0", "Ts": 1558355677359402, "Right_rtt": 30541, "Packets1": 1, "Packets2": 0, "Bytes1": 1228, "Bytes2": 0 },
{ "Event": "spinvalue", "Type": "QUIC", "Addrs": ["192.168.203.236","52.58.13.57"], "Session": "f501d609-065a5b378f229aa0", "Ts": 1558355677359408, "Value": 0, "Who": "responder", "Packets1": 1, "Packets2": 1, "Bytes1": 1228, "Bytes2": 411 },
{ "Event": "spinvalue", "Type": "QUIC", "Addrs": ["192.168.203.236","52.58.13.57"], "Session": "f501d609-065a5b378f229aa0", "Ts": 1558355677359410, "Value": 0, "Who": "responder", "Packets1": 1, "Packets2": 2, "Bytes1": 1228, "Bytes2": 930 },
{ "Event": "spinvalue", "Type": "QUIC", "Addrs": ["192.168.203.236","52.58.13.57"], "Session": "f501d609-065a5b378f229aa0", "Ts": 1558355677359411, "Value": 0, "Who": "responder", "Packets1": 1, "Packets2": 3, "Bytes1": 1228, "Bytes2": 2210 },
{ "Event": "spinvalue", "Type": "QUIC", "Addrs": ["192.168.203.236","52.58.13.57"], "Session": "f501d609-065a5b378f229aa0", "Ts": 1558355677366237, "Value": 1, "Who": "initiator", "Packets1": 2, "Packets2": 4, "Bytes1": 1372, "Bytes2": 3490 },
{ "Event": "spinvalue", "Type": "QUIC", "Addrs": ["192.168.203.236","52.58.13.57"], "Session": "f501d609-065a5b378f229aa0", "Ts": 1558355677387985, "Value": 0, "Who": "responder", "Packets1": 3, "Packets2": 5, "Bytes1": 1615, "Bytes2": 3563 },
{ "Event": "spinvalue", "Type": "QUIC", "Addrs": ["192.168.203.236","52.58.13.57"], "Session": "f501d609-065a5b378f229aa0", "Ts": 1558355677387987, "Value": 0, "Who": "responder", "Packets1": 3, "Packets2": 6, "Bytes1": 1615, "Bytes2": 4843 },
{ "Event": "spinvalue", "Type": "QUIC", "Addrs": ["192.168.203.236","52.58.13.57"], "Session": "f501d609-065a5b378f229aa0", "Ts": 1558355677387989, "Value": 0, "Who": "responder", "Packets1": 3, "Packets2": 7, "Bytes1": 1615, "Bytes2": 6123 },
{ "Event": "spinvalue", "Type": "QUIC", "Addrs": ["192.168.203.236","52.58.13.57"], "Session": "f501d609-065a5b378f229aa0", "Ts": 1558355677387991, "Value": 0, "Who": "responder", "Packets1": 3, "Packets2": 8, "Bytes1": 1615, "Bytes2": 7403 },
{ "Event": "spinvalue", "Type": "QUIC", "Addrs": ["192.168.203.236","52.58.13.57"], "Session": "f501d609-065a5b378f229aa0", "Ts": 1558355677387993, "Value": 0, "Who": "responder", "Packets1": 3, "Packets2": 9, "Bytes1": 1615, "Bytes2": 8683 },
{ "Event": "spinvalue", "Type": "QUIC", "Addrs": ["192.168.203.236","52.58.13.57"], "Session": "f501d609-065a5b378f229aa0", "Ts": 1558355677387995, "Value": 0, "Who": "responder", "Packets1": 3, "Packets2": 10, "Bytes1": 1615, "Bytes2": 9963 },
{ "Event": "spinvalue", "Type": "QUIC", "Addrs": ["192.168.203.236","52.58.13.57"], "Session": "f501d609-065a5b378f229aa0", "Ts": 1558355677387997, "Value": 0, "Who": "responder", "Packets1": 3, "Packets2": 11, "Bytes1": 1615, "Bytes2": 11243 },
{ "Event": "spinvalue", "Type": "QUIC", "Addrs": ["192.168.203.236","52.58.13.57"], "Session": "f501d609-065a5b378f229aa0", "Ts": 1558355677393292, "Value": 1, "Who": "initiator", "Packets1": 3, "Packets2": 12, "Bytes1": 1615, "Bytes2": 11831 },
{ "Event": "spinvalue", "Type": "QUIC", "Addrs": ["192.168.203.236","52.58.13.57"], "Session": "f501d609-065a5b378f229aa0", "Ts": 1558355677394278, "Value": 1, "Who": "initiator", "Packets1": 4, "Packets2": 12, "Bytes1": 1676, "Bytes2": 11831 },
{ "Event": "spinvalue", "Type": "QUIC", "Addrs": ["192.168.203.236","52.58.13.57"], "Session": "f501d609-065a5b378f229aa0", "Ts": 1558355677416361, "Value": 1, "Who": "responder", "Packets1": 5, "Packets2": 12, "Bytes1": 1734, "Bytes2": 11831 },
{ "Event": "spinvalue", "Type": "QUIC", "Addrs": ["192.168.203.236","52.58.13.57"], "Session": "f501d609-065a5b378f229aa0", "Ts": 1558355677416365, "Value": 1, "Who": "responder", "Packets1": 5, "Packets2": 13, "Bytes1": 1734, "Bytes2": 11918 },
{ "Event": "spinvalue", "Type": "QUIC", "Addrs": ["192.168.203.236","52.58.13.57"], "Session": "f501d609-065a5b378f229aa0", "Ts": 1558355677418226, "Value": 0, "Who": "initiator", "Packets1": 5, "Packets2": 14, "Bytes1": 1734, "Bytes2": 11980 },
{ "Event": "measurement", "Type": "QUIC", "Addrs": ["192.168.203.236","52.58.13.57"], "Session": "f501d609-065a5b378f229aa0", "Ts": 1558355677418226, "Left_rtt": 1865, "Packets1": 5, "Packets2": 14, "Bytes1": 1734, "Bytes2": 11980 }
]
