QUIC 31.133.149.35 <-> 52.58.13.57 84eb460f-0a674f45296cdd8c at 1553417138023042 new packets 0 0 bytes 0 0
QUIC 31.133.149.35 <-> 52.58.13.57 84eb460f-851aedc3018c73b5 at 1553417138038065 measurement right 15023 packets 1 0 bytes 1228 0
QUIC 31.133.149.35 <-> 52.58.13.57 84eb460f-851aedc3018c73b5 at 1553417138072533 measurement left 9689 packets 5 17 bytes 1583 18747
QUIC 31.133.149.35 <-> 52.58.13.57 84eb460f-851aedc3018c73b5 at 1553417138091401 measurement right 18868 packets 9 29 bytes 1854 34107
QUIC 31.133.149.35 <-> 52.58.13.57 84eb460f-851aedc3018c73b5 at 1553417138091401 measurement full (responder) 28557 packets 9 29 bytes 1854 34107
QUIC 31.133.149.35 <-> 52.58.13.57 84eb460f-851aedc3018c73b5 at 1553417138097320 measurement left 5919 packets 9 34 bytes 1854 39312
QUIC 31.133.149.35 <-> 52.58.13.57 84eb460f-851aedc3018c73b5 at 1553417138097320 measurement full (initiator) 24787 packets 9 34 bytes 1854 39312
QUIC 31.133.149.35 <-> 52.58.13.57 84eb460f-851aedc3018c73b5 at 1553417138110811 measurement right 13491 packets 12 39 bytes 2046 45712
QUIC 31.133.149.35 <-> 52.58.13.57 84eb460f-851aedc3018c73b5 at 1553417138110811 measurement full (responder) 19410 packets 12 39 bytes 2046 45712
QUIC 31.133.149.35 <-> 52.58.13.57 84eb460f-851aedc3018c73b5 at 1553417138114491 measurement left 3680 packets 12 43 bytes 2046 50832
QUIC 31.133.149.35 <-> 52.58.13.57 84eb460f-851aedc3018c73b5 at 1553417138114491 measurement full (initiator) 17171 packets 12 43 bytes 2046 50832
QUIC 31.133.149.35 <-> 52.58.13.57 84eb460f-851aedc3018c73b5 at 1553417138133019 measurement right 18528 packets 14 44 bytes 2175 51720
QUIC 31.133.149.35 <-> 52.58.13.57 84eb460f-851aedc3018c73b5 at 1553417138133019 measurement full (responder) 22208 packets 14 44 bytes 2175 51720
