QUIC 31.133.149.35 <-> 52.58.13.57 84eb460f-0a674f45296cdd8c at 1553417138023042 new packets 0 bytes 0
QUIC 31.133.149.35 <-> 52.58.13.57 84eb460f-851aedc3018c73b5 at 1553417138038065 measurement right 15023 packets 1 bytes 1228
QUIC 31.133.149.35 <-> 52.58.13.57 84eb460f-851aedc3018c73b5 at 1553417138038257 spinvalue 0 responder packets 2 bytes 1652
QUIC 31.133.149.35 <-> 52.58.13.57 84eb460f-851aedc3018c73b5 at 1553417138039083 spinvalue 0 responder packets 3 bytes 1982
QUIC 31.133.149.35 <-> 52.58.13.57 84eb460f-851aedc3018c73b5 at 1553417138044396 spinvalue 0 responder packets 4 bytes 3262
QUIC 31.133.149.35 <-> 52.58.13.57 84eb460f-851aedc3018c73b5 at 1553417138049019 spinvalue 1 initiator packets 6 bytes 4686
QUIC 31.133.149.35 <-> 52.58.13.57 84eb460f-851aedc3018c73b5 at 1553417138057583 spinvalue 0 responder packets 7 bytes 4771
QUIC 31.133.149.35 <-> 52.58.13.57 84eb460f-851aedc3018c73b5 at 1553417138060015 spinvalue 0 responder packets 8 bytes 6051
QUIC 31.133.149.35 <-> 52.58.13.57 84eb460f-851aedc3018c73b5 at 1553417138061238 spinvalue 1 initiator packets 9 bytes 7331
QUIC 31.133.149.35 <-> 52.58.13.57 84eb460f-851aedc3018c73b5 at 1553417138062653 spinvalue 0 responder packets 10 bytes 7395
QUIC 31.133.149.35 <-> 52.58.13.57 84eb460f-851aedc3018c73b5 at 1553417138062655 spinvalue 0 responder packets 11 bytes 8675
QUIC 31.133.149.35 <-> 52.58.13.57 84eb460f-851aedc3018c73b5 at 1553417138062656 spinvalue 0 responder packets 12 bytes 9955
QUIC 31.133.149.35 <-> 52.58.13.57 84eb460f-851aedc3018c73b5 at 1553417138062657 spinvalue 0 responder packets 13 bytes 11235
QUIC 31.133.149.35 <-> 52.58.13.57 84eb460f-851aedc3018c73b5 at 1553417138062842 spinvalue 0 responder packets 14 bytes 12515
QUIC 31.133.149.35 <-> 52.58.13.57 84eb460f-851aedc3018c73b5 at 1553417138062844 spinvalue 1 responder packets 16 bytes 13868
QUIC 31.133.149.35 <-> 52.58.13.57 84eb460f-851aedc3018c73b5 at 1553417138062844 spinflip 0-1 responder packets 16 bytes 13868
QUIC 31.133.149.35 <-> 52.58.13.57 84eb460f-851aedc3018c73b5 at 1553417138063011 spinvalue 1 responder packets 17 bytes 15148
QUIC 31.133.149.35 <-> 52.58.13.57 84eb460f-851aedc3018c73b5 at 1553417138063013 spinvalue 1 responder packets 18 bytes 16428
QUIC 31.133.149.35 <-> 52.58.13.57 84eb460f-851aedc3018c73b5 at 1553417138063014 spinvalue 1 responder packets 19 bytes 17708
QUIC 31.133.149.35 <-> 52.58.13.57 84eb460f-851aedc3018c73b5 at 1553417138063192 spinvalue 1 responder packets 20 bytes 18988
QUIC 31.133.149.35 <-> 52.58.13.57 84eb460f-851aedc3018c73b5 at 1553417138066101 spinvalue 1 initiator packets 21 bytes 20268
QUIC 31.133.149.35 <-> 52.58.13.57 84eb460f-851aedc3018c73b5 at 1553417138072533 spinvalue 0 initiator packets 22 bytes 20330
QUIC 31.133.149.35 <-> 52.58.13.57 84eb460f-851aedc3018c73b5 at 1553417138072533 spinflip 1-0 initiator packets 22 bytes 20330
QUIC 31.133.149.35 <-> 52.58.13.57 84eb460f-851aedc3018c73b5 at 1553417138072533 measurement left 9689 packets 22 bytes 20330
QUIC 31.133.149.35 <-> 52.58.13.57 84eb460f-851aedc3018c73b5 at 1553417138074903 spinvalue 1 responder packets 23 bytes 20392
QUIC 31.133.149.35 <-> 52.58.13.57 84eb460f-851aedc3018c73b5 at 1553417138076047 spinvalue 1 responder packets 24 bytes 21672
QUIC 31.133.149.35 <-> 52.58.13.57 84eb460f-851aedc3018c73b5 at 1553417138076049 spinvalue 1 responder packets 25 bytes 22952
QUIC 31.133.149.35 <-> 52.58.13.57 84eb460f-851aedc3018c73b5 at 1553417138076050 spinvalue 1 responder packets 26 bytes 24232
QUIC 31.133.149.35 <-> 52.58.13.57 84eb460f-851aedc3018c73b5 at 1553417138080313 spinvalue 1 responder packets 27 bytes 25512
QUIC 31.133.149.35 <-> 52.58.13.57 84eb460f-851aedc3018c73b5 at 1553417138080317 spinvalue 1 responder packets 28 bytes 26792
QUIC 31.133.149.35 <-> 52.58.13.57 84eb460f-851aedc3018c73b5 at 1553417138080318 spinvalue 1 responder packets 29 bytes 28072
QUIC 31.133.149.35 <-> 52.58.13.57 84eb460f-851aedc3018c73b5 at 1553417138080332 spinvalue 0 initiator packets 30 bytes 29352
QUIC 31.133.149.35 <-> 52.58.13.57 84eb460f-851aedc3018c73b5 at 1553417138080508 spinvalue 1 responder packets 31 bytes 29437
QUIC 31.133.149.35 <-> 52.58.13.57 84eb460f-851aedc3018c73b5 at 1553417138080511 spinvalue 1 responder packets 32 bytes 30717
QUIC 31.133.149.35 <-> 52.58.13.57 84eb460f-851aedc3018c73b5 at 1553417138080513 spinvalue 1 responder packets 33 bytes 31997
QUIC 31.133.149.35 <-> 52.58.13.57 84eb460f-851aedc3018c73b5 at 1553417138080540 spinvalue 1 responder packets 34 bytes 33277
QUIC 31.133.149.35 <-> 52.58.13.57 84eb460f-851aedc3018c73b5 at 1553417138080679 spinvalue 1 responder packets 35 bytes 34557
QUIC 31.133.149.35 <-> 52.58.13.57 84eb460f-851aedc3018c73b5 at 1553417138085162 spinvalue 0 initiator packets 36 bytes 35837
QUIC 31.133.149.35 <-> 52.58.13.57 84eb460f-851aedc3018c73b5 at 1553417138090745 spinvalue 0 initiator packets 37 bytes 35899
QUIC 31.133.149.35 <-> 52.58.13.57 84eb460f-851aedc3018c73b5 at 1553417138091401 spinvalue 0 responder packets 38 bytes 35961
QUIC 31.133.149.35 <-> 52.58.13.57 84eb460f-851aedc3018c73b5 at 1553417138091401 spinflip 1-0 responder packets 38 bytes 35961
QUIC 31.133.149.35 <-> 52.58.13.57 84eb460f-851aedc3018c73b5 at 1553417138091401 measurement right 18868 packets 38 bytes 35961
QUIC 31.133.149.35 <-> 52.58.13.57 84eb460f-851aedc3018c73b5 at 1553417138091401 measurement full (responder) 28557 packets 38 bytes 35961
QUIC 31.133.149.35 <-> 52.58.13.57 84eb460f-851aedc3018c73b5 at 1553417138096176 spinvalue 0 responder packets 39 bytes 36046
QUIC 31.133.149.35 <-> 52.58.13.57 84eb460f-851aedc3018c73b5 at 1553417138096762 spinvalue 0 responder packets 40 bytes 37326
QUIC 31.133.149.35 <-> 52.58.13.57 84eb460f-851aedc3018c73b5 at 1553417138096765 spinvalue 0 responder packets 41 bytes 38606
QUIC 31.133.149.35 <-> 52.58.13.57 84eb460f-851aedc3018c73b5 at 1553417138096766 spinvalue 0 responder packets 42 bytes 39886
QUIC 31.133.149.35 <-> 52.58.13.57 84eb460f-851aedc3018c73b5 at 1553417138097320 spinvalue 1 initiator packets 43 bytes 41166
QUIC 31.133.149.35 <-> 52.58.13.57 84eb460f-851aedc3018c73b5 at 1553417138097320 spinflip 0-1 initiator packets 43 bytes 41166
QUIC 31.133.149.35 <-> 52.58.13.57 84eb460f-851aedc3018c73b5 at 1553417138097320 measurement left 5919 packets 43 bytes 41166
QUIC 31.133.149.35 <-> 52.58.13.57 84eb460f-851aedc3018c73b5 at 1553417138097320 measurement full (initiator) 24787 packets 43 bytes 41166
QUIC 31.133.149.35 <-> 52.58.13.57 84eb460f-851aedc3018c73b5 at 1553417138099572 spinvalue 1 initiator packets 44 bytes 41228
QUIC 31.133.149.35 <-> 52.58.13.57 84eb460f-851aedc3018c73b5 at 1553417138102323 spinvalue 0 responder packets 45 bytes 41296
QUIC 31.133.149.35 <-> 52.58.13.57 84eb460f-851aedc3018c73b5 at 1553417138104041 spinvalue 0 responder packets 46 bytes 42576
QUIC 31.133.149.35 <-> 52.58.13.57 84eb460f-851aedc3018c73b5 at 1553417138104043 spinvalue 0 responder packets 47 bytes 43856
QUIC 31.133.149.35 <-> 52.58.13.57 84eb460f-851aedc3018c73b5 at 1553417138104044 spinvalue 0 responder packets 48 bytes 45136
QUIC 31.133.149.35 <-> 52.58.13.57 84eb460f-851aedc3018c73b5 at 1553417138104045 spinvalue 0 responder packets 49 bytes 46416
QUIC 31.133.149.35 <-> 52.58.13.57 84eb460f-851aedc3018c73b5 at 1553417138107677 spinvalue 1 initiator packets 50 bytes 47696
QUIC 31.133.149.35 <-> 52.58.13.57 84eb460f-851aedc3018c73b5 at 1553417138110811 spinvalue 1 responder packets 51 bytes 47758
QUIC 31.133.149.35 <-> 52.58.13.57 84eb460f-851aedc3018c73b5 at 1553417138110811 spinflip 0-1 responder packets 51 bytes 47758
QUIC 31.133.149.35 <-> 52.58.13.57 84eb460f-851aedc3018c73b5 at 1553417138110811 measurement right 13491 packets 51 bytes 47758
QUIC 31.133.149.35 <-> 52.58.13.57 84eb460f-851aedc3018c73b5 at 1553417138110811 measurement full (responder) 19410 packets 51 bytes 47758
QUIC 31.133.149.35 <-> 52.58.13.57 84eb460f-851aedc3018c73b5 at 1553417138111266 spinvalue 1 responder packets 52 bytes 49038
QUIC 31.133.149.35 <-> 52.58.13.57 84eb460f-851aedc3018c73b5 at 1553417138111269 spinvalue 1 responder packets 53 bytes 50318
QUIC 31.133.149.35 <-> 52.58.13.57 84eb460f-851aedc3018c73b5 at 1553417138111270 spinvalue 1 responder packets 54 bytes 51598
QUIC 31.133.149.35 <-> 52.58.13.57 84eb460f-851aedc3018c73b5 at 1553417138114491 spinvalue 0 initiator packets 55 bytes 52878
QUIC 31.133.149.35 <-> 52.58.13.57 84eb460f-851aedc3018c73b5 at 1553417138114491 spinflip 1-0 initiator packets 55 bytes 52878
QUIC 31.133.149.35 <-> 52.58.13.57 84eb460f-851aedc3018c73b5 at 1553417138114491 measurement left 3680 packets 55 bytes 52878
QUIC 31.133.149.35 <-> 52.58.13.57 84eb460f-851aedc3018c73b5 at 1553417138114491 measurement full (initiator) 17171 packets 55 bytes 52878
QUIC 31.133.149.35 <-> 52.58.13.57 84eb460f-851aedc3018c73b5 at 1553417138119346 spinvalue 1 responder packets 56 bytes 52940
QUIC 31.133.149.35 <-> 52.58.13.57 84eb460f-851aedc3018c73b5 at 1553417138121755 spinvalue 0 initiator packets 57 bytes 53828
QUIC 31.133.149.35 <-> 52.58.13.57 84eb460f-851aedc3018c73b5 at 1553417138133019 spinvalue 0 responder packets 58 bytes 53895
QUIC 31.133.149.35 <-> 52.58.13.57 84eb460f-851aedc3018c73b5 at 1553417138133019 spinflip 1-0 responder packets 58 bytes 53895
QUIC 31.133.149.35 <-> 52.58.13.57 84eb460f-851aedc3018c73b5 at 1553417138133019 measurement right 18528 packets 58 bytes 53895
QUIC 31.133.149.35 <-> 52.58.13.57 84eb460f-851aedc3018c73b5 at 1553417138133019 measurement full (responder) 22208 packets 58 bytes 53895
