DNS 2001:67c:1232:144:9498:6df6:f450:110b <-> 2001:67c:370:229::7 54423:53 at 1553422217239860 new packets 0 bytes 0
DNS 2001:67c:1232:144:9498:6df6:f450:110b <-> 2001:67c:370:229::7 61426:53 at 1553422217239918 new packets 0 bytes 0
DNS 2001:67c:1232:144:9498:6df6:f450:110b <-> 2001:67c:370:229::7 54423:53 at 1553422217281911 measurement right 42051 packets 1 bytes 121
DNS 2001:67c:1232:144:9498:6df6:f450:110b <-> 2001:67c:370:229::7 61426:53 at 1553422217281913 measurement right 41995 packets 1 bytes 121
DNS 2001:67c:1232:144:9498:6df6:f450:110b <-> 2001:67c:370:229::7 51287:53 at 1553422217284471 new packets 0 bytes 0
DNS 2001:67c:1232:144:9498:6df6:f450:110b <-> 2001:67c:370:229::7 63443:53 at 1553422217284579 new packets 0 bytes 0
DNS 2001:67c:1232:144:9498:6df6:f450:110b <-> 2001:67c:370:229::7 58598:53 at 1553422217505499 new packets 0 bytes 0
DNS 2001:67c:1232:144:9498:6df6:f450:110b <-> 2001:67c:370:229::7 50480:53 at 1553422217506105 new packets 0 bytes 0
DNS 2001:67c:1232:144:9498:6df6:f450:110b <-> 2001:67c:370:229::7 51287:53 at 1553422217519037 measurement right 234566 packets 1 bytes 97
DNS 2001:67c:1232:144:9498:6df6:f450:110b <-> 2001:67c:370:229::7 63443:53 at 1553422217519040 measurement right 234461 packets 1 bytes 97
DNS 2001:67c:1232:144:9498:6df6:f450:110b <-> 2001:67c:370:229::7 49875:53 at 1553422217520323 new packets 0 bytes 0
DNS 2001:67c:1232:144:9498:6df6:f450:110b <-> 2001:67c:370:229::7 49875:53 at 1553422217557933 measurement right 37610 packets 1 bytes 91
DNS 2001:67c:1232:144:9498:6df6:f450:110b <-> 2001:67c:370:229::7 50480:53 at 1553422217660062 measurement right 153957 packets 1 bytes 76
DNS 2001:67c:1232:144:9498:6df6:f450:110b <-> 2001:67c:370:229::7 58598:53 at 1553422217660499 measurement right 155000 packets 1 bytes 76
DNS 2001:67c:1232:144:9498:6df6:f450:110b <-> 2001:67c:370:229::7 61906:53 at 1553422221634920 new packets 0 bytes 0
DNS 2001:67c:1232:144:9498:6df6:f450:110b <-> 2001:67c:370:229::7 61906:53 at 1553422222213709 measurement right 578789 packets 1 bytes 74
DNS 2001:67c:1232:144:9498:6df6:f450:110b <-> 2001:67c:370:229::7 49638:53 at 1553422228700147 new packets 0 bytes 0
DNS 2001:67c:1232:144:9498:6df6:f450:110b <-> 2001:67c:370:229::7 49638:53 at 1553422228784732 measurement right 84585 packets 1 bytes 85
DNS 2001:67c:1232:144:9498:6df6:f450:110b <-> 2001:67c:370:229::7 55623:53 at 1553422235977925 new packets 0 bytes 0
DNS 2001:67c:1232:144:9498:6df6:f450:110b <-> 2001:67c:370:229::7 55623:53 at 1553422236002004 measurement right 24079 packets 1 bytes 76
DNS 2001:67c:1232:144:9498:6df6:f450:110b <-> 2001:67c:370:229::7 63318:53 at 1553422236539115 new packets 0 bytes 0
DNS 2001:67c:1232:144:9498:6df6:f450:110b <-> 2001:67c:370:229::7 63318:53 at 1553422236541953 measurement right 2838 packets 1 bytes 88
DNS 2001:67c:1232:144:9498:6df6:f450:110b <-> 2001:67c:370:229::7 52131:53 at 1553422242569000 new packets 0 bytes 0
DNS 2001:67c:1232:144:9498:6df6:f450:110b <-> 2001:67c:370:229::7 52131:53 at 1553422242575988 measurement right 6988 packets 1 bytes 73
DNS 2001:67c:1232:144:9498:6df6:f450:110b <-> 2001:67c:370:229::7 60967:53 at 1553422249154129 new packets 0 bytes 0
DNS 2001:67c:1232:144:9498:6df6:f450:110b <-> 2001:67c:370:229::7 60967:53 at 1553422249605960 measurement right 451831 packets 1 bytes 75
