DNS 10.0.2.15 <-> 31.130.229.6 33626:53 at 1553417113177081 new packets 0 bytes 0
DNS 10.0.2.15 <-> 31.130.229.7 33626:53 at 1553417113177181 new packets 0 bytes 0
UDP 10.0.2.15 <-> 239.255.255.250 44981:1900 at 1553417113178852 new packets 0 bytes 0
DNS 10.0.2.15 <-> 31.130.229.6 33626:53 at 1553417113186554 measurement right 9473 packets 1 bytes 75
DNS 10.0.2.15 <-> 31.130.229.7 33626:53 at 1553417113186691 measurement right 9510 packets 1 bytes 75
DNS 10.0.2.15 <-> 31.130.229.6 33626:53 at 1553417113249847 measurement right 2230 packets 3 bytes 486
QUIC 10.0.2.15 <-> 216.58.201.109 3da986ac1023e506-00 at 1553417113250304 new packets 0 bytes 0
QUIC 10.0.2.15 <-> 216.58.201.109 3da986ac1023e506-00 at 1553417113267912 measurement right 17608 packets 1 bytes 1378
UDP 10.0.2.15 <-> 224.0.0.251 5353:5353 at 1553417113446438 new packets 0 bytes 0
DNS 10.0.2.15 <-> 31.130.229.6 33626:53 at 1553417113470294 measurement right 1881 packets 5 bytes 876
QUIC 10.0.2.15 <-> 172.217.23.206 0785522d9d886745-00 at 1553417113503066 new packets 0 bytes 0
QUIC 10.0.2.15 <-> 172.217.23.206 0785522d9d886745-00 at 1553417113521124 measurement right 18058 packets 1 bytes 1378
DNS 10.0.2.15 <-> 31.130.229.6 33626:53 at 1553417113618731 measurement right 2739 packets 7 bytes 1082
QUIC 10.0.2.15 <-> 216.58.201.67 0afdf4f1c557ec4d-00 at 1553417113619285 new packets 0 bytes 0
DNS 10.0.2.15 <-> 31.130.229.6 33626:53 at 1553417113627386 measurement right 2253 packets 9 bytes 1256
QUIC 10.0.2.15 <-> 216.58.201.67 00-48652a4546496614 at 1553417113637577 measurement right 18292 packets 2 bytes 2756
QUIC 172.217.23.193 <-> 10.0.2.15 48652a4546496614-00 at 1553417113647174 new packets 0 bytes 0
QUIC 172.217.23.193 <-> 10.0.2.15 48652a4546496614-00 at 1553417113659432 measurement right 11873 packets 2 bytes 2756
DNS 10.0.2.15 <-> 31.130.229.6 33626:53 at 1553417114014281 measurement right 2072 packets 11 bytes 1704
QUIC 10.0.2.15 <-> 172.217.23.226 6219ee777f9f2312-00 at 1553417114014564 new packets 0 bytes 0
QUIC 10.0.2.15 <-> 172.217.23.226 6219ee777f9f2312-00 at 1553417114035926 measurement right 21362 packets 1 bytes 1378
DNS 10.0.2.15 <-> 31.130.229.6 33626:53 at 1553417114850647 measurement right 2779 packets 14 bytes 1937
DNS 10.0.2.15 <-> 31.130.229.6 33626:53 at 1553417114850791 measurement right 2434 packets 15 bytes 2270
QUIC 10.0.2.15 <-> 216.58.201.99 949482ee71fef483-00 at 1553417114850977 new packets 0 bytes 0
QUIC 10.0.2.15 <-> 216.58.201.99 949482ee71fef483-00 at 1553417114870091 measurement right 19114 packets 1 bytes 1378
QUIC 10.0.2.15 <-> 216.58.201.67 6a892e9705db1411-00 at 1553417117203294 new packets 0 bytes 0
DNS 10.0.2.15 <-> 31.130.229.6 33626:53 at 1553417117207230 measurement right 2418 packets 19 bytes 2774
DNS 10.0.2.15 <-> 31.130.229.6 33626:53 at 1553417117208073 measurement right 1880 packets 20 bytes 2920
DNS 10.0.2.15 <-> 31.130.229.6 33626:53 at 1553417117208400 measurement right 2023 packets 21 bytes 3038
QUIC 10.0.2.15 <-> 216.58.201.67 6a892e9705db1411-00 at 1553417117221392 measurement right 18098 packets 1 bytes 1378
DNS 10.0.2.15 <-> 31.130.229.6 33626:53 at 1553417117287327 measurement right 12067 packets 23 bytes 3221
QUIC 10.0.2.15 <-> 74.125.11.27 9c2e937baef6b800-00 at 1553417117288003 new packets 0 bytes 0
QUIC 10.0.2.15 <-> 74.125.11.27 9c2e937baef6b800-00 at 1553417117299895 measurement right 11892 packets 1 bytes 1378
DNS 10.0.2.15 <-> 31.130.229.6 33626:53 at 1553417118050343 measurement right 4512 packets 26 bytes 3724
DNS 10.0.2.15 <-> 31.130.229.6 33626:53 at 1553417118050498 measurement right 4608 packets 27 bytes 4052
QUIC 10.0.2.15 <-> 216.58.201.110 d652d0451aa7e2c7-00 at 1553417118058931 new packets 0 bytes 0
QUIC 10.0.2.15 <-> 216.58.201.110 00-09e13943a6defda3 at 1553417118080290 measurement right 21359 packets 2 bytes 2756
QUIC 172.217.23.195 <-> 10.0.2.15 09e13943a6defda3-00 at 1553417118084859 new packets 0 bytes 0
DNS 10.0.2.15 <-> 31.130.229.6 33626:53 at 1553417118084945 measurement right 15407 packets 31 bytes 4593
DNS 10.0.2.15 <-> 31.130.229.6 33626:53 at 1553417118085136 measurement right 15292 packets 32 bytes 4925
QUIC 172.217.23.195 <-> 10.0.2.15 00-ea7761ae4ab94abe at 1553417118108358 measurement right 8516 packets 3 bytes 4134
QUIC 10.0.2.15 <-> 216.58.201.99 ea7761ae4ab94abe-00 at 1553417118131438 new packets 0 bytes 0
DNS 10.0.2.15 <-> 31.130.229.6 33626:53 at 1553417118133045 measurement right 61644 packets 33 bytes 5268
QUIC 10.0.2.15 <-> 216.58.201.99 ea7761ae4ab94abe-00 at 1553417118147243 measurement right 15805 packets 1 bytes 1378
QUIC 10.0.2.15 <-> 172.217.23.227 82587255616d9b66-00 at 1553417118513398 new packets 0 bytes 0
QUIC 10.0.2.15 <-> 172.217.23.227 00-1ce187333973f0ab at 1553417118531387 measurement right 17989 packets 2 bytes 2756
QUIC 172.217.23.226 <-> 10.0.2.15 1ce187333973f0ab-00 at 1553417118532605 new packets 0 bytes 0
QUIC 172.217.23.226 <-> 10.0.2.15 1ce187333973f0ab-00 at 1553417118537928 measurement right 5312 packets 2 bytes 2756
DNS 10.0.2.15 <-> 31.130.229.6 33626:53 at 1553417120171172 measurement right 5982 packets 37 bytes 5783
DNS 10.0.2.15 <-> 31.130.229.6 33626:53 at 1553417120171952 measurement right 6489 packets 39 bytes 6047
DNS 10.0.2.15 <-> 31.130.229.6 33626:53 at 1553417121677599 measurement right 2533 packets 41 bytes 6235
QUIC 10.0.2.15 <-> 172.217.18.163 c44b3575f1e85cb3-00 at 1553417121677968 new packets 0 bytes 0
QUIC 10.0.2.15 <-> 172.217.18.163 c44b3575f1e85cb3-00 at 1553417121695594 measurement right 17626 packets 1 bytes 1378
QUIC 10.0.2.15 <-> 216.58.201.78 b3917c3aa5cf8c3f-00 at 1553417121849552 new packets 0 bytes 0
QUIC 10.0.2.15 <-> 216.58.201.78 b3917c3aa5cf8c3f-00 at 1553417121869677 measurement right 20125 packets 1 bytes 1378
QUIC 10.0.2.15 <-> 216.58.201.118 6b1ce273cc10c84b-00 at 1553417122573755 new packets 0 bytes 0
QUIC 10.0.2.15 <-> 216.58.201.118 6b1ce273cc10c84b-00 at 1553417122594002 measurement right 20247 packets 1 bytes 1378
DNS 10.0.2.15 <-> 31.130.229.6 33626:53 at 1553417122981269 measurement right 2610 packets 43 bytes 6402
DNS 10.0.2.15 <-> 31.130.229.6 33626:53 at 1553417123236762 measurement right 24786 packets 45 bytes 6814
QUIC 10.0.2.15 <-> 172.217.23.230 9b9ccb4b2f200a6d-00 at 1553417123237965 new packets 0 bytes 0
QUIC 10.0.2.15 <-> 172.217.23.230 9b9ccb4b2f200a6d-00 at 1553417123256650 measurement right 18685 packets 1 bytes 1378
DNS 10.0.2.15 <-> 31.130.229.6 33626:53 at 1553417123812719 measurement right 43745 packets 47 bytes 7005
DNS 10.0.2.15 <-> 31.130.229.6 33626:53 at 1553417124564595 measurement right 17802 packets 49 bytes 7221
QUIC 10.0.2.15 <-> 216.58.201.78 18b87731fc7d93f7-00 at 1553417124565196 new packets 0 bytes 0
QUIC 10.0.2.15 <-> 216.58.201.78 18b87731fc7d93f7-00 at 1553417124595930 measurement right 30734 packets 1 bytes 1378
DNS 10.0.2.15 <-> 31.130.229.6 33626:53 at 1553417131343492 measurement right 46202 packets 51 bytes 7404
QUIC 10.0.2.15 <-> 173.194.187.134 202b98a9db68b8bb-00 at 1553417131348437 new packets 0 bytes 0
QUIC 10.0.2.15 <-> 173.194.187.134 202b98a9db68b8bb-00 at 1553417131360065 measurement right 11380 packets 3 bytes 1795
