SCTP 10.0.2.4 <-> 10.0.2.4 752068035:281270461 (37164:62324) at 1577108139309793 measurement up right 11 packets 5 0 bytes 724 0 bandwidth 724 0
SCTP 10.0.2.4 <-> 10.0.2.4 752068035:281270461 (37164:62324) at 1577108139309903 measurement up left 72 packets 7 0 bytes 836 0 bandwidth 836 0
SCTP 10.0.2.4 <-> 10.0.2.4 752068035:281270461 (37164:62324) at 1577108174230168 measurement up right 118 packets 10 0 bytes 1052 0 bandwidth 884 0
SCTP 10.0.2.4 <-> 10.0.2.4 752068035:281270461 (37164:62324) at 1577108174230173 measurement up left 16 packets 11 0 bytes 1136 0 bandwidth 884 0
