QUIC 10.0.6.137 <-> 52.58.13.57 1bb4f0a9-ba5573c827ffe4e911 at 1553410393050231 new packets 0 bytes 0
QUIC 10.0.6.137 <-> 52.58.13.57 1bb4f0a9-3f39d101ab09b290 at 1553410393101193 measurement right 50962 packets 1 bytes 1228
QUIC 10.0.6.137 <-> 52.58.13.57 1bb4f0a9-3f39d101ab09b290 at 1553410393101456 spinvalue 0 responder packets 2 bytes 1652
QUIC 10.0.6.137 <-> 52.58.13.57 1bb4f0a9-3f39d101ab09b290 at 1553410393101983 spinvalue 0 responder packets 3 bytes 1982
QUIC 10.0.6.137 <-> 52.58.13.57 1bb4f0a9-3f39d101ab09b290 at 1553410393103467 spinvalue 0 responder packets 4 bytes 3262
QUIC 10.0.6.137 <-> 52.58.13.57 1bb4f0a9-3f39d101ab09b290 at 1553410393110728 spinvalue 1 initiator packets 6 bytes 4686
QUIC 10.0.6.137 <-> 52.58.13.57 1bb4f0a9-3f39d101ab09b290 at 1553410393143298 spinvalue 0 responder packets 7 bytes 4771
QUIC 10.0.6.137 <-> 52.58.13.57 1bb4f0a9-3f39d101ab09b290 at 1553410393143630 spinvalue 0 responder packets 8 bytes 6051
QUIC 10.0.6.137 <-> 52.58.13.57 a6da7373-3f39d101ab09b290 at 1553410393150096 spinvalue 1 initiator packets 10 bytes 6652
QUIC 10.0.6.137 <-> 52.58.13.57 a6da7373-3f39d101ab09b290 at 1553410393150737 spinvalue 1 initiator packets 11 bytes 6716
QUIC 10.0.6.137 <-> 52.58.13.57 a6da7373-3f39d101ab09b290 at 1553410393163945 spinvalue 1 responder packets 12 bytes 6774
QUIC 10.0.6.137 <-> 52.58.13.57 a6da7373-3f39d101ab09b290 at 1553410393163945 spinflip 0-1 responder packets 12 bytes 6774
QUIC 10.0.6.137 <-> 52.58.13.57 a6da7373-3f39d101ab09b290 at 1553410393173946 spinvalue 1 responder packets 13 bytes 6835
